// Jest Snapshot v1, https://goo.gl/fbAQLP

exports[`renders ErrorModal component 1`] = `
<div
  class="modal-box w-auto py-16 modal-middle"
  data-testid="request-error"
>
  <h3
    class="font-bold text-lg text-error"
  >
    Oops!
  </h3>
  <p
    class="py-4 text-error"
  />
  <div
    class="modal-action"
  >
    <button
      aria-label="Try again"
      class="btn btn-error"
      data-testid="try-again"
    >
      Try Again
    </button>
  </div>
</div>
`;
